// Jest Snapshot v1, https://goo.gl/fbAQLP

exports[`PlaceCard correctly renders 1`] = `
<article
  className="place-card "
  onBlur={[Function]}
  onFocus={[Function]}
  onMouseEnter={[Function]}
  onMouseLeave={[Function]}
>
  <div
    className="place-card__image-wrapper "
  >
    <a
      href="/offer/undefined"
      onClick={[Function]}
    >
      <img
        alt="Place image"
        className="place-card__image"
        height={200}
        width={260}
      />
    </a>
  </div>
  <div
    className="place-card__info "
  >
    <div
      className="place-card__price-wrapper"
    >
      <div
        className="place-card__price"
      >
        <b
          className="place-card__price-value"
        >
          €
        </b>
        <span
          className="place-card__price-text"
        >
          / night
        </span>
      </div>
      <button
        className="__bookmark-button  button"
        type="button"
      >
        <svg
          className="__bookmark-icon"
          height={19}
          width={18}
        >
          <use
            xlinkHref="#icon-bookmark"
          />
        </svg>
        <span
          className="visually-hidden"
        >
          To bookmarks
        </span>
      </button>
    </div>
    <div
      className="rating place-card__rating"
    >
      <div
        className="rating__stars place-card__stars"
      >
        <span
          style={
            Object {
              "width": "0%",
            }
          }
        />
        <span
          className="visually-hidden"
        >
          Rating
        </span>
      </div>
    </div>
    <h2
      className="place-card__name"
    >
      <a
        href="/offer/undefined"
        onClick={[Function]}
      >
        Some text
      </a>
    </h2>
    <p
      className="place-card__type"
    />
  </div>
</article>
`;
