// Jest Snapshot v1, https://goo.gl/fbAQLP

exports[`OfferScreen correctly renders 1`] = `
<Memo(ConnectFunction)>
  <Memo(ConnectFunction) />
</Memo(ConnectFunction)>
`;
