// Jest Snapshot v1, https://goo.gl/fbAQLP

exports[`GalleryBlock correctly renders 1`] = `
<div
  className="property__gallery-container container"
>
  <div
    className="property__gallery"
  />
</div>
`;
