// Jest Snapshot v1, https://goo.gl/fbAQLP

exports[`Favorites correctly renders 1`] = `
<main
  className="page__main page__main--favorites"
>
  <div
    className="page__favorites-container container"
  >
    <section
      className="favorites "
    >
      <h1
        className="favorites__title"
      >
        Saved listing
      </h1>
      <ul
        className="favorites__list"
      >
        <li
          className="favorites__locations-items"
        >
          <div
            className="favorites__locations locations locations--current"
          >
            <div
              className="locations__item"
            >
              <a
                className="locations__item-link"
                href="#"
                onClick={[Function]}
              >
                <span>
                  Test
                </span>
              </a>
            </div>
          </div>
          <div
            className="favorites__places"
          >
            <article
              className="place-card favorites__card"
              id={1}
              onMouseEnter={[Function]}
              onMouseLeave={[Function]}
            >
              <div
                className="place-card__image-wrapper favorites__image-wrapper"
              >
                <a
                  href="#"
                  onClick={[Function]}
                >
                  <img
                    alt="Place image"
                    className="place-card__image"
                    height={110}
                    width={150}
                  />
                </a>
              </div>
              <div
                className="place-card__info favorites__card-info"
              >
                <div
                  className="place-card__price-wrapper"
                >
                  <div
                    className="place-card__price"
                  >
                    <b
                      className="place-card__price-value"
                    >
                      €
                      0
                    </b>
                    <span
                      className="place-card__price-text"
                    >
                      / night
                    </span>
                  </div>
                  <button
                    className="place-card__bookmark-button  button"
                    onClick={[Function]}
                    type="button"
                  >
                    <svg
                      className="place-card__bookmark-icon"
                      height="19"
                      width="18"
                    >
                      <use
                        xlinkHref="#icon-bookmark"
                      />
                    </svg>
                    <span
                      className="visually-hidden"
                    >
                      To bookmarks
                    </span>
                  </button>
                </div>
                <div
                  className="rating place-card__rating"
                >
                  <div
                    className="rating__stars place-card__stars"
                  >
                    <span
                      style={
                        Object {
                          "width": "0%",
                        }
                      }
                    />
                    <span
                      className="visually-hidden"
                    >
                      Rating
                    </span>
                  </div>
                </div>
                <h2
                  className="place-card__name"
                >
                  <a
                    href="#"
                  >
                    Test
                  </a>
                </h2>
                <p
                  className="place-card__type"
                >
                  Test
                </p>
              </div>
            </article>
          </div>
        </li>
      </ul>
    </section>
  </div>
</main>
`;
