// Jest Snapshot v1, https://goo.gl/fbAQLP

exports[`ErrorMessage correctly renders 1`] = `
<div
  className="error-message error-message--active"
>
  <div
    className="error-message__content"
  >
    <p
      className="error-message__text"
    >
      Oooops
    </p>
  </div>
</div>
`;
