// Jest Snapshot v1, https://goo.gl/fbAQLP

exports[`Main correctly renders 1`] = `
<main
  className="page__main page__main--index"
>
  <h1
    className="visually-hidden"
  >
    Cities
  </h1>
  <div
    className="cities tabs"
  >
    <section
      className="locations container"
    >
      <ul
        className="locations__list tabs__list"
      >
        <li
          className="locations__item"
        >
          <a
            className="locations__item-link tabs__item tabs__item--active"
            href="/city/Test"
            onClick={[Function]}
          >
            <span>
              Test
            </span>
          </a>
        </li>
      </ul>
    </section>
  </div>
  <div
    className="cities__places-wrapper"
  >
    <div
      className="cities__places-container container"
    >
      <section
        className="cities__places places"
      >
        <h2
          className="visually-hidden"
        >
          Places
        </h2>
        <b
          className="places__found"
        >
          4
           places to stay in 
          Test
        </b>
        <form
          action="#"
          className="places__sorting"
          method="get"
        >
          <span
            className="places__sorting-caption"
          >
            Sort by
          </span>
           
          <span
            className="places__sorting-type"
            tabIndex="0"
          >
            Popular
            <svg
              className="places__sorting-arrow"
              height="4"
              width="7"
            >
              <use
                xlinkHref="#icon-arrow-select"
              />
            </svg>
          </span>
          <select
            className="places__sorting-type"
            id="places-sorting"
          >
            <option
              className="places__option"
              defaultValue=""
              value="popular"
            >
              Popular
            </option>
            <option
              className="places__option"
              value="to-high"
            >
              Price: low to high
            </option>
            <option
              className="places__option"
              value="to-low"
            >
              Price: high to low
            </option>
            <option
              className="places__option"
              value="top-rated"
            >
              Top rated first
            </option>
          </select>
        </form>
        <div
          className="cities__places-list places__list tabs__content"
        >
          <article
            className="place-card cities__place-card"
            id={1}
            onMouseEnter={[Function]}
            onMouseLeave={[Function]}
          >
            <div
              className="place-card__image-wrapper cities__image-wrapper"
            >
              <a
                href="#"
                onClick={[Function]}
              >
                <img
                  alt="Place image"
                  className="place-card__image"
                  height={200}
                  width={260}
                />
              </a>
            </div>
            <div
              className="place-card__info "
            >
              <div
                className="place-card__price-wrapper"
              >
                <div
                  className="place-card__price"
                >
                  <b
                    className="place-card__price-value"
                  >
                    €
                    0
                  </b>
                  <span
                    className="place-card__price-text"
                  >
                    / night
                  </span>
                </div>
                <button
                  className="place-card__bookmark-button  button"
                  onClick={[Function]}
                  type="button"
                >
                  <svg
                    className="place-card__bookmark-icon"
                    height="19"
                    width="18"
                  >
                    <use
                      xlinkHref="#icon-bookmark"
                    />
                  </svg>
                  <span
                    className="visually-hidden"
                  >
                    To bookmarks
                  </span>
                </button>
              </div>
              <div
                className="rating place-card__rating"
              >
                <div
                  className="rating__stars place-card__stars"
                >
                  <span
                    style={
                      Object {
                        "width": "0%",
                      }
                    }
                  />
                  <span
                    className="visually-hidden"
                  >
                    Rating
                  </span>
                </div>
              </div>
              <h2
                className="place-card__name"
              >
                <a
                  href="#"
                  onClick={[Function]}
                >
                  Test
                </a>
              </h2>
              <p
                className="place-card__type"
              >
                Test
              </p>
            </div>
          </article>
          <article
            className="place-card cities__place-card"
            id={2}
            onMouseEnter={[Function]}
            onMouseLeave={[Function]}
          >
            <div
              className="place-card__image-wrapper cities__image-wrapper"
            >
              <a
                href="#"
                onClick={[Function]}
              >
                <img
                  alt="Place image"
                  className="place-card__image"
                  height={200}
                  width={260}
                />
              </a>
            </div>
            <div
              className="place-card__info "
            >
              <div
                className="place-card__price-wrapper"
              >
                <div
                  className="place-card__price"
                >
                  <b
                    className="place-card__price-value"
                  >
                    €
                    0
                  </b>
                  <span
                    className="place-card__price-text"
                  >
                    / night
                  </span>
                </div>
                <button
                  className="place-card__bookmark-button  button"
                  onClick={[Function]}
                  type="button"
                >
                  <svg
                    className="place-card__bookmark-icon"
                    height="19"
                    width="18"
                  >
                    <use
                      xlinkHref="#icon-bookmark"
                    />
                  </svg>
                  <span
                    className="visually-hidden"
                  >
                    To bookmarks
                  </span>
                </button>
              </div>
              <div
                className="rating place-card__rating"
              >
                <div
                  className="rating__stars place-card__stars"
                >
                  <span
                    style={
                      Object {
                        "width": "0%",
                      }
                    }
                  />
                  <span
                    className="visually-hidden"
                  >
                    Rating
                  </span>
                </div>
              </div>
              <h2
                className="place-card__name"
              >
                <a
                  href="#"
                  onClick={[Function]}
                >
                  Test
                </a>
              </h2>
              <p
                className="place-card__type"
              >
                Test
              </p>
            </div>
          </article>
          <article
            className="place-card cities__place-card"
            id={3}
            onMouseEnter={[Function]}
            onMouseLeave={[Function]}
          >
            <div
              className="place-card__image-wrapper cities__image-wrapper"
            >
              <a
                href="#"
                onClick={[Function]}
              >
                <img
                  alt="Place image"
                  className="place-card__image"
                  height={200}
                  width={260}
                />
              </a>
            </div>
            <div
              className="place-card__info "
            >
              <div
                className="place-card__price-wrapper"
              >
                <div
                  className="place-card__price"
                >
                  <b
                    className="place-card__price-value"
                  >
                    €
                    0
                  </b>
                  <span
                    className="place-card__price-text"
                  >
                    / night
                  </span>
                </div>
                <button
                  className="place-card__bookmark-button  button"
                  onClick={[Function]}
                  type="button"
                >
                  <svg
                    className="place-card__bookmark-icon"
                    height="19"
                    width="18"
                  >
                    <use
                      xlinkHref="#icon-bookmark"
                    />
                  </svg>
                  <span
                    className="visually-hidden"
                  >
                    To bookmarks
                  </span>
                </button>
              </div>
              <div
                className="rating place-card__rating"
              >
                <div
                  className="rating__stars place-card__stars"
                >
                  <span
                    style={
                      Object {
                        "width": "0%",
                      }
                    }
                  />
                  <span
                    className="visually-hidden"
                  >
                    Rating
                  </span>
                </div>
              </div>
              <h2
                className="place-card__name"
              >
                <a
                  href="#"
                  onClick={[Function]}
                >
                  Test
                </a>
              </h2>
              <p
                className="place-card__type"
              >
                Test
              </p>
            </div>
          </article>
          <article
            className="place-card cities__place-card"
            id={4}
            onMouseEnter={[Function]}
            onMouseLeave={[Function]}
          >
            <div
              className="place-card__image-wrapper cities__image-wrapper"
            >
              <a
                href="#"
                onClick={[Function]}
              >
                <img
                  alt="Place image"
                  className="place-card__image"
                  height={200}
                  width={260}
                />
              </a>
            </div>
            <div
              className="place-card__info "
            >
              <div
                className="place-card__price-wrapper"
              >
                <div
                  className="place-card__price"
                >
                  <b
                    className="place-card__price-value"
                  >
                    €
                    0
                  </b>
                  <span
                    className="place-card__price-text"
                  >
                    / night
                  </span>
                </div>
                <button
                  className="place-card__bookmark-button  button"
                  onClick={[Function]}
                  type="button"
                >
                  <svg
                    className="place-card__bookmark-icon"
                    height="19"
                    width="18"
                  >
                    <use
                      xlinkHref="#icon-bookmark"
                    />
                  </svg>
                  <span
                    className="visually-hidden"
                  >
                    To bookmarks
                  </span>
                </button>
              </div>
              <div
                className="rating place-card__rating"
              >
                <div
                  className="rating__stars place-card__stars"
                >
                  <span
                    style={
                      Object {
                        "width": "0%",
                      }
                    }
                  />
                  <span
                    className="visually-hidden"
                  >
                    Rating
                  </span>
                </div>
              </div>
              <h2
                className="place-card__name"
              >
                <a
                  href="#"
                  onClick={[Function]}
                >
                  Test
                </a>
              </h2>
              <p
                className="place-card__type"
              >
                Test
              </p>
            </div>
          </article>
        </div>
      </section>
      <div
        className="cities__right-section"
      >
        <section
          className="cities__map map"
          id="map"
        />
      </div>
    </div>
  </div>
</main>
`;
