// Jest Snapshot v1, https://goo.gl/fbAQLP

exports[`PlaceCard correctly renders 1`] = `
<div
  className="places__list "
>
  <article
    className="place-card "
    id={1}
    onBlur={[Function]}
    onFocus={[Function]}
    onMouseEnter={[Function]}
    onMouseLeave={[Function]}
  >
    <div
      className="place-card__mark"
    >
      <span>
        Premium
      </span>
    </div>
    <div
      className="place-card__image-wrapper "
    >
      <a
        href="/offer/1"
        onClick={[Function]}
      >
        <img
          alt="Place image"
          className="place-card__image"
          height={200}
          src=""
          width={260}
        />
      </a>
    </div>
    <div
      className="place-card__info "
    >
      <div
        className="place-card__price-wrapper"
      >
        <div
          className="place-card__price"
        >
          <b
            className="place-card__price-value"
          >
            €
            0
          </b>
          <span
            className="place-card__price-text"
          >
            / night
          </span>
        </div>
        <button
          className="__bookmark-button  button"
          onClick={[Function]}
          type="button"
        >
          <svg
            className="__bookmark-icon"
            height={19}
            width={18}
          >
            <use
              xlinkHref="#icon-bookmark"
            />
          </svg>
          <span
            className="visually-hidden"
          >
            To bookmarks
          </span>
        </button>
      </div>
      <div
        className="rating place-card__rating"
      >
        <div
          className="rating__stars place-card__stars"
        >
          <span
            style={
              Object {
                "width": "0%",
              }
            }
          />
          <span
            className="visually-hidden"
          >
            Rating
          </span>
        </div>
      </div>
      <h2
        className="place-card__name"
      >
        <a
          href="/offer/1"
          onClick={[Function]}
        >
          Test
        </a>
      </h2>
      <p
        className="place-card__type"
      >
        Test
      </p>
    </div>
  </article>
  <article
    className="place-card "
    id={2}
    onBlur={[Function]}
    onFocus={[Function]}
    onMouseEnter={[Function]}
    onMouseLeave={[Function]}
  >
    <div
      className="place-card__mark"
    >
      <span>
        Premium
      </span>
    </div>
    <div
      className="place-card__image-wrapper "
    >
      <a
        href="/offer/2"
        onClick={[Function]}
      >
        <img
          alt="Place image"
          className="place-card__image"
          height={200}
          src=""
          width={260}
        />
      </a>
    </div>
    <div
      className="place-card__info "
    >
      <div
        className="place-card__price-wrapper"
      >
        <div
          className="place-card__price"
        >
          <b
            className="place-card__price-value"
          >
            €
            0
          </b>
          <span
            className="place-card__price-text"
          >
            / night
          </span>
        </div>
        <button
          className="__bookmark-button  button"
          onClick={[Function]}
          type="button"
        >
          <svg
            className="__bookmark-icon"
            height={19}
            width={18}
          >
            <use
              xlinkHref="#icon-bookmark"
            />
          </svg>
          <span
            className="visually-hidden"
          >
            To bookmarks
          </span>
        </button>
      </div>
      <div
        className="rating place-card__rating"
      >
        <div
          className="rating__stars place-card__stars"
        >
          <span
            style={
              Object {
                "width": "0%",
              }
            }
          />
          <span
            className="visually-hidden"
          >
            Rating
          </span>
        </div>
      </div>
      <h2
        className="place-card__name"
      >
        <a
          href="/offer/2"
          onClick={[Function]}
        >
          Test
        </a>
      </h2>
      <p
        className="place-card__type"
      >
        Test
      </p>
    </div>
  </article>
  <article
    className="place-card "
    id={3}
    onBlur={[Function]}
    onFocus={[Function]}
    onMouseEnter={[Function]}
    onMouseLeave={[Function]}
  >
    <div
      className="place-card__mark"
    >
      <span>
        Premium
      </span>
    </div>
    <div
      className="place-card__image-wrapper "
    >
      <a
        href="/offer/3"
        onClick={[Function]}
      >
        <img
          alt="Place image"
          className="place-card__image"
          height={200}
          src=""
          width={260}
        />
      </a>
    </div>
    <div
      className="place-card__info "
    >
      <div
        className="place-card__price-wrapper"
      >
        <div
          className="place-card__price"
        >
          <b
            className="place-card__price-value"
          >
            €
            0
          </b>
          <span
            className="place-card__price-text"
          >
            / night
          </span>
        </div>
        <button
          className="__bookmark-button  button"
          onClick={[Function]}
          type="button"
        >
          <svg
            className="__bookmark-icon"
            height={19}
            width={18}
          >
            <use
              xlinkHref="#icon-bookmark"
            />
          </svg>
          <span
            className="visually-hidden"
          >
            To bookmarks
          </span>
        </button>
      </div>
      <div
        className="rating place-card__rating"
      >
        <div
          className="rating__stars place-card__stars"
        >
          <span
            style={
              Object {
                "width": "0%",
              }
            }
          />
          <span
            className="visually-hidden"
          >
            Rating
          </span>
        </div>
      </div>
      <h2
        className="place-card__name"
      >
        <a
          href="/offer/3"
          onClick={[Function]}
        >
          Test
        </a>
      </h2>
      <p
        className="place-card__type"
      >
        Test
      </p>
    </div>
  </article>
  <article
    className="place-card "
    id={4}
    onBlur={[Function]}
    onFocus={[Function]}
    onMouseEnter={[Function]}
    onMouseLeave={[Function]}
  >
    <div
      className="place-card__mark"
    >
      <span>
        Premium
      </span>
    </div>
    <div
      className="place-card__image-wrapper "
    >
      <a
        href="/offer/4"
        onClick={[Function]}
      >
        <img
          alt="Place image"
          className="place-card__image"
          height={200}
          src=""
          width={260}
        />
      </a>
    </div>
    <div
      className="place-card__info "
    >
      <div
        className="place-card__price-wrapper"
      >
        <div
          className="place-card__price"
        >
          <b
            className="place-card__price-value"
          >
            €
            0
          </b>
          <span
            className="place-card__price-text"
          >
            / night
          </span>
        </div>
        <button
          className="__bookmark-button  button"
          onClick={[Function]}
          type="button"
        >
          <svg
            className="__bookmark-icon"
            height={19}
            width={18}
          >
            <use
              xlinkHref="#icon-bookmark"
            />
          </svg>
          <span
            className="visually-hidden"
          >
            To bookmarks
          </span>
        </button>
      </div>
      <div
        className="rating place-card__rating"
      >
        <div
          className="rating__stars place-card__stars"
        >
          <span
            style={
              Object {
                "width": "0%",
              }
            }
          />
          <span
            className="visually-hidden"
          >
            Rating
          </span>
        </div>
      </div>
      <h2
        className="place-card__name"
      >
        <a
          href="/offer/4"
          onClick={[Function]}
        >
          Test
        </a>
      </h2>
      <p
        className="place-card__type"
      >
        Test
      </p>
    </div>
  </article>
</div>
`;
